// Jest Snapshot v1, https://goo.gl/fbAQLP

exports[`runinng test 1`] = `
<div>
  404 not found! 
  <Link
    replace={false}
    to="/"
  >
    Go Home
  </Link>
</div>
`;
